// Jest Snapshot v1, https://goo.gl/fbAQLP

exports[`Todos should be able to create a new todo 1`] = `
Object {
  "created_at": "2021-04-05T03:00:00.000Z",
  "deadline": "2021-01-01T03:00:00.000Z",
  "done": false,
  "id": "5fcdbafa-bbec-4553-8573-0825f77f4406",
  "title": "test todo",
}
`;
