// Jest Snapshot v1, https://goo.gl/fbAQLP

exports[`users should be able to create a new user 1`] = `
Object {
  "created_at": "2021-03-26T03:00:00.000Z",
  "id": "b29c3a2c-f3de-4523-9568-142db98f9a8f",
  "name": "John Doe",
  "todos": Array [],
  "username": "johndoe",
}
`;
